################################################################################
#                                                                              #
#      IAR Universal Linker V6.5.1.95                                          #
#                                                                              #
#           Link time     =  16/Apr/2021  14:17:18                             #
#           Target CPU    =  MSP430                                            #
#           List file     =  C:\Users\enes\Documents\IAR\ASM\buttonLed_v1.0\De #
#                            bug\List\buttonLed_v1.0.map                       #
#           Output file 1 =  C:\Users\enes\Documents\IAR\ASM\buttonLed_v1.0\De #
#                            bug\Exe\buttonLed_v1.0.hex                        #
#                            Format: intel-extended                            #
#           Output file 2 =  C:\Users\enes\Documents\IAR\ASM\buttonLed_v1.0\De #
#                            bug\Exe\buttonLed_v1.0.d43                        #
#                            Format: ubrof10                                   #
#                            UBROF version 10.0.6                              #
#                            Using library modules for C-SPY (-rt)             #
#           Command line  =  -f C:\Users\enes\AppData\Local\Temp\EW8B3D.tmp    #
#                            (C:\Users\enes\Documents\IAR\ASM\buttonLed_v1.0\D #
#                            ebug\Obj\asm.r43                                  #
#                            -o                                                #
#                            C:\Users\enes\Documents\IAR\ASM\buttonLed_v1.0\De #
#                            bug\Exe\buttonLed_v1.0.d43                        #
#                            -l                                                #
#                            C:\Users\enes\Documents\IAR\ASM\buttonLed_v1.0\De #
#                            bug\List\buttonLed_v1.0.map                       #
#                            -xms                                              #
#                            "-IC:\Program Files (x86)\IAR Systems\Embedded Wo #
#                            rkbench 8.0\430\LIB\"                             #
#                            -f                                                #
#                            "C:\Program Files (x86)\IAR Systems\Embedded Work #
#                            bench 8.0\430\config\linker\lnk430g2553.xcl"      #
#                            (-cmsp430 -QCODE_I=CODE_ID -QTLS16_I=TLS16_ID     #
#                            -Z(CONST)INFO=1000-10FF                           #
#                            -Z(CONST)INFOA=10C0-10FF                          #
#                            -Z(CONST)INFOB=1080-10BF                          #
#                            -Z(CONST)INFOC=1040-107F                          #
#                            -Z(CONST)INFOD=1000-103F                          #
#                            -Z(DATA)DATA16_I,DATA16_Z,DATA16_N,TLS16_I=0200-0 #
#                            3FF                                               #
#                            -Z(DATA)DATA16_HEAP+_DATA16_HEAP_SIZE             #
#                            -Z(DATA)CODE_I -Z(DATA)CSTACK+_STACK_SIZE#        #
#                            -Z(CONST)DATA16_C,DATA16_ID,TLS16_ID,DIFUNCT,CHEC #
#                            KSUM=C000-FFDD                                    #
#                            -Z(CODE)CSTART,ISR_CODE,CODE_ID=C000-FFDD         #
#                            -P(CODE)CODE=C000-FFDD                            #
#                            -Z(CONST)SIGNATURE=FFDE-FFDF                      #
#                            -Z(CODE)INTVEC=FFE0-FFFF                          #
#                            -Z(CODE)RESET=FFFE-FFFF) -D_STACK_SIZE=50 -rt     #
#                            -D_DATA16_HEAP_SIZE=50                            #
#                            -Ointel-extended=C:\Users\enes\Documents\IAR\ASM\ #
#                            buttonLed_v1.0\Debug\Exe\buttonLed_v1.0.hex       #
#                            -D_DATA20_HEAP_SIZE=50)                           #
#                                                                              #
#                           Copyright (C) 1987-2016 IAR Systems AB.            #
################################################################################





                ****************************************
                *                                      *
                *           CROSS REFERENCE            *
                *                                      *
                ****************************************

                  There are no program entries.


                ****************************************
                *                                      *
                *    AUTOMATIC SYMBOL REDIRECTIONS     *
                *                                      *
                ****************************************

                  There are no automatic symbol redirections.



                ****************************************
                *                                      *
                *              MODULE MAP              *
                *                                      *
                ****************************************


  DEFINED ABSOLUTE ENTRIES
    *************************************************************************

  DEFINED ABSOLUTE ENTRIES
  PROGRAM MODULE, NAME : ?ABS_ENTRY_MOD

Absolute parts
           ENTRY                   ADDRESS         REF BY
           =====                   =======         ======
           _DATA20_HEAP_SIZE       0050 
           _DATA16_HEAP_SIZE       0050 
           _STACK_SIZE             0050 
    *************************************************************************

  FILE NAME : C:\Users\enes\Documents\IAR\ASM\buttonLed_v1.0\Debug\Obj\asm.r43
  PROGRAM MODULE, NAME : asm

Absolute parts
     F800 - F857
     FFFE - FFFF
           LOCAL                   ADDRESS         
           =====                   =======         
           __MSP430G2203__         0000 
           RESET                   F800 
           MAIN_LOOP               F82A 
           TEST                    F82E 
           DELAY                   F83A 
           L1                      F842 
           BLINK                   F846 
           DELAY2                  F84A 
           L2                      F852 



                ****************************************
                *                                      *
                *      SEGMENTS IN ADDRESS ORDER       *
                *                                      *
                ****************************************


SEGMENT              SPACE    START ADDRESS   END ADDRESS     SIZE  TYPE  ALIGN
=======              =====    =============   ===========     ====  ====  =====
                                       F800 - F857              58  aseg  
                                       FFFE - FFFF               2  aseg  

                ****************************************
                *                                      *
                *        END OF CROSS REFERENCE        *
                *                                      *
                ****************************************

 0 bytes of CODE memory (+ 90 absolute )

Errors: none
Warnings: none

